// Jest Snapshot v1, https://goo.gl/fbAQLP

exports[`<ChangePINCode /> should make a snapshot 1`] = `
<Provider
  store={
    {
      "clearActions": [Function],
      "dispatch": [Function],
      "getActions": [Function],
      "getState": [Function],
      "replaceReducer": [Function],
      "subscribe": [Function],
    }
  }
>
  <ChangePINCode
    cardId={13}
  />
</Provider>
`;
