// Jest Snapshot v1, https://goo.gl/fbAQLP

exports[`<InputPassword /> should make a snapshot of component 1`] = `
<div
  className="formPassword"
>
  <ForwardRef(TextField)
    InputLabelProps={{}}
    InputProps={
      {
        "endAdornment": false,
      }
    }
    autoComplete=""
    className="passwordInput"
    error={false}
    fullWidth={true}
    label="Password"
    name="password"
    onBlur={[MockFunction]}
    onChange={[MockFunction]}
    placeholder=""
    sx={
      {
        "& .MuiOutlinedInput-root.Mui-error": {
          "& > fieldset": {
            "borderColor": "grayDark_7",
          },
          "paddingRight": "30px",
        },
        "& .MuiOutlinedInput-root.Mui-focused": {
          "& > fieldset": {
            "borderColor": "orange",
          },
        },
        "& label": {
          "&.MuiInputLabel-root": {
            "color": "grayDark_7",
          },
        },
      }
    }
    type="password"
    value="password"
    variant="outlined"
  />
  <div
    aria-hidden={true}
    className="showPassword"
    onClick={[Function]}
    onKeyDown={[Function]}
  >
    <PasswordIconInvisible />
  </div>
</div>
`;
