// Jest Snapshot v1, https://goo.gl/fbAQLP

exports[`<CardManage /> should make a snapshot 1`] = `
<Provider
  store={
    {
      "clearActions": [Function],
      "dispatch": [Function],
      "getActions": [Function],
      "getState": [Function],
      "replaceReducer": [Function],
      "subscribe": [Function],
    }
  }
>
  <BrowserRouter>
    <CardManage
      cardId={1}
      hasCardStatus={true}
    />
  </BrowserRouter>
</Provider>
`;
