// Jest Snapshot v1, https://goo.gl/fbAQLP

exports[`<ModalBox /> should make a snapshot 1`] = `
<Context.Provider
  value={
    {
      "getServerState": undefined,
      "store": {
        "clearActions": [Function],
        "dispatch": [Function],
        "getActions": [Function],
        "getState": [Function],
        "replaceReducer": [Function],
        "subscribe": [Function],
      },
      "subscription": {
        "addNestedSub": [Function],
        "getListeners": [Function],
        "handleChangeWrapper": [Function],
        "isSubscribed": [Function],
        "notifyNestedSubs": [Function],
        "trySubscribe": [Function],
        "tryUnsubscribe": [Function],
      },
    }
  }
>
  <ModalBox
    isActiveNewRequest={false}
    messageTimeOut={
      <div>
        Error
      </div>
    }
    onSend={[MockFunction]}
    setIsActiveNewRequest={[MockFunction]}
    timeBlock=""
  />
</Context.Provider>
`;
