// Jest Snapshot v1, https://goo.gl/fbAQLP

exports[`<ChangeTransactionLimit /> should make a snapshot 1`] = `
<Provider
  store={
    {
      "clearActions": [Function],
      "dispatch": [Function],
      "getActions": [Function],
      "getState": [Function],
      "replaceReducer": [Function],
      "subscribe": [Function],
    }
  }
>
  <BrowserRouter>
    <ChangeTransactionLimit />
  </BrowserRouter>
</Provider>
`;
