// Jest Snapshot v1, https://goo.gl/fbAQLP

exports[`<CardBlock /> should make a snapshot 1`] = `
<Context.Provider
  value={
    {
      "getServerState": undefined,
      "store": {
        "clearActions": [Function],
        "dispatch": [Function],
        "getActions": [Function],
        "getState": [Function],
        "replaceReducer": [Function],
        "subscribe": [Function],
      },
      "subscription": {
        "addNestedSub": [Function],
        "getListeners": [Function],
        "handleChangeWrapper": [Function],
        "isSubscribed": [Function],
        "notifyNestedSubs": [Function],
        "trySubscribe": [Function],
        "tryUnsubscribe": [Function],
      },
    }
  }
>
  <bound Template
    amount={0}
    buttonText="Order a card"
    cardDate=""
    cardDateStoryBook={0}
    cardNumber=""
    cardProductName=""
    cvv=""
    hasButton={false}
    id={1}
    isCircle={false}
    onClick={[Function]}
    paymentSystem=""
    productInfo=""
  />
</Context.Provider>
`;
